<html>
<body>
<pre>
<h1>µVision Build Log</h1>
<h2>Tool Versions:</h2>
IDE-Version: µVision V5.43.1.0
Copyright (C) 2025 ARM Ltd and ARM Germany GmbH. All rights reserved.
License Information: Kevin Le, CSULB, LIC=----
 
Tool Versions:
Toolchain:       MDK-Lite  Version: 5.43.0.0
Toolchain Path:  C:\Keil_v5\ARM\ARMCLANG\Bin
C Compiler:      ArmClang.exe V6.24
Assembler:       Armasm.exe V6.24
Linker/Locator:  ArmLink.exe V6.24
Library Manager: ArmAr.exe V6.24
Hex Converter:   FromElf.exe V6.24
CPU DLL:         SARMCM3.DLL V5.43.0.0
Dialog DLL:      DCM.DLL V1.17.5.0
Target DLL:      UL2CM3.DLL V1.164.16.0
Dialog DLL:      TCM.DLL V1.56.6.0
 
<h2>Project:</h2>
C:\Workspace\uVision_Kiel_WS\ToshibaMicroMouse\keil\toshibaMicromouse.uvprojx
Project File Date:  05/26/2026

<h2>Output:</h2>
*** Using Compiler 'V6.24', folder: 'C:\Keil_v5\ARM\ARMCLANG\Bin'
Rebuild target 'Target_1'
assembling startup_TMPM4KNA.s...
compiling main.c...
compiling system_TMPM4KyA.c...
compiling encoder32A.c...
compiling timer32A.c...
compiling gpio.c...
linking...
Program Size: Code=2364 RO-data=580 RW-data=0 ZI-data=608  
".\Objects\toshibaMicromouse.axf" - 0 Error(s), 0 Warning(s).

<h2>Software Packages used:</h2>

Package Vendor: ARM
                http://www.keil.com/pack/ARM.CMSIS.5.9.0.pack
                ARM::CMSIS@5.9.0
                CMSIS (Common Microcontroller Software Interface Standard)
   * Component: CORE Version: 5.6.0

Package Vendor: Toshiba
                https://toshiba.semicon-storage.com/content/dam/toshiba-ss/shared/docs/product/micro/device-family-Pack/Toshiba.TXZ4Aplus-M4K2_DFP.1.0.1.pack
                Toshiba::TXZ4Aplus-M4K2_DFP@1.0.1
                Toshiba TXZ4A+ Series TMPM4K(2) Group Device Support
   * Component: Startup Version: 1.0.1

<h2>Collection of Component include folders:</h2>
  ./RTE/_Target_1
  C:/Keil_v5/Kiel_Arm_Pack/ARM/CMSIS/5.9.0/CMSIS/Core/Include
  C:/Keil_v5/Kiel_Arm_Pack/Toshiba/TXZ4Aplus-M4K2_DFP/1.0.1/Device/Include

<h2>Collection of Component Files used:</h2>

   * Component: ARM::CMSIS:CORE@5.6.0

   * Component: Toshiba::Device:Startup@1.0.1
      Source file:   Device/Source/ARM/startup_TMPM4KNA.s
      Source file:   Device/Source/system_TMPM4KyA.c
Build Time Elapsed:  00:00:02
</pre>
</body>
</html>
