<!doctype html public "-//w3c//dtd html 4.0 transitional//en">
<html><head>
<title>Static Call Graph - [.\Objects\toshibaMicromouse.axf]</title></head>
<body><HR>
<H1>Static Call Graph for image .\Objects\toshibaMicromouse.axf</H1><HR>
<BR><P>#&#060CALLGRAPH&#062# ARM Linker, 6240002: Last Updated: Thu May 28 15:23:11 2026
<BR><P>
<H3>Maximum Stack Usage =         16 bytes + Unknown(Functions without stacksize, Cycles, Untraceable Function Pointers)</H3><H3>
Call chain for Maximum Stack Depth:</H3>
__rt_entry_main &rArr; main &rArr; ENC32A_Init
<P>
<H3>
Functions with no stack information
</H3><UL>
 <LI><a href="#[95]">__user_initial_stackheap</a>
</UL>
</UL>
<P>
<H3>
Mutually Recursive functions
</H3> <LI><a href="#[1]">NMI_Handler</a>&nbsp;&nbsp;&nbsp;&rArr;&nbsp;&nbsp;&nbsp;<a href="#[1]">NMI_Handler</a><BR>
 <LI><a href="#[2]">HardFault_Handler</a>&nbsp;&nbsp;&nbsp;&rArr;&nbsp;&nbsp;&nbsp;<a href="#[2]">HardFault_Handler</a><BR>
 <LI><a href="#[3]">MemManage_Handler</a>&nbsp;&nbsp;&nbsp;&rArr;&nbsp;&nbsp;&nbsp;<a href="#[3]">MemManage_Handler</a><BR>
 <LI><a href="#[4]">BusFault_Handler</a>&nbsp;&nbsp;&nbsp;&rArr;&nbsp;&nbsp;&nbsp;<a href="#[4]">BusFault_Handler</a><BR>
 <LI><a href="#[5]">UsageFault_Handler</a>&nbsp;&nbsp;&nbsp;&rArr;&nbsp;&nbsp;&nbsp;<a href="#[5]">UsageFault_Handler</a><BR>
 <LI><a href="#[6]">SVC_Handler</a>&nbsp;&nbsp;&nbsp;&rArr;&nbsp;&nbsp;&nbsp;<a href="#[6]">SVC_Handler</a><BR>
 <LI><a href="#[7]">DebugMon_Handler</a>&nbsp;&nbsp;&nbsp;&rArr;&nbsp;&nbsp;&nbsp;<a href="#[7]">DebugMon_Handler</a><BR>
 <LI><a href="#[8]">PendSV_Handler</a>&nbsp;&nbsp;&nbsp;&rArr;&nbsp;&nbsp;&nbsp;<a href="#[8]">PendSV_Handler</a><BR>
 <LI><a href="#[9]">SysTick_Handler</a>&nbsp;&nbsp;&nbsp;&rArr;&nbsp;&nbsp;&nbsp;<a href="#[9]">SysTick_Handler</a><BR>
 <LI><a href="#[a]">INT00_IRQHandler</a>&nbsp;&nbsp;&nbsp;&rArr;&nbsp;&nbsp;&nbsp;<a href="#[a]">INT00_IRQHandler</a><BR>
</UL>
<P>
<H3>
Function Pointers
</H3><UL>
 <LI><a href="#[4]">BusFault_Handler</a> from startup_tmpm4kna.o(.text) referenced from startup_tmpm4kna.o(RESET)
 <LI><a href="#[7]">DebugMon_Handler</a> from startup_tmpm4kna.o(.text) referenced from startup_tmpm4kna.o(RESET)
 <LI><a href="#[2]">HardFault_Handler</a> from startup_tmpm4kna.o(.text) referenced from startup_tmpm4kna.o(RESET)
 <LI><a href="#[a]">INT00_IRQHandler</a> from startup_tmpm4kna.o(.text) referenced from startup_tmpm4kna.o(RESET)
 <LI><a href="#[b]">INT01_IRQHandler</a> from startup_tmpm4kna.o(.text) referenced from startup_tmpm4kna.o(RESET)
 <LI><a href="#[c]">INT02_IRQHandler</a> from startup_tmpm4kna.o(.text) referenced from startup_tmpm4kna.o(RESET)
 <LI><a href="#[d]">INT03_IRQHandler</a> from startup_tmpm4kna.o(.text) referenced from startup_tmpm4kna.o(RESET)
 <LI><a href="#[e]">INT04_IRQHandler</a> from startup_tmpm4kna.o(.text) referenced from startup_tmpm4kna.o(RESET)
 <LI><a href="#[f]">INT05_IRQHandler</a> from startup_tmpm4kna.o(.text) referenced from startup_tmpm4kna.o(RESET)
 <LI><a href="#[10]">INT06_IRQHandler</a> from startup_tmpm4kna.o(.text) referenced from startup_tmpm4kna.o(RESET)
 <LI><a href="#[11]">INT07_IRQHandler</a> from startup_tmpm4kna.o(.text) referenced from startup_tmpm4kna.o(RESET)
 <LI><a href="#[12]">INT08_IRQHandler</a> from startup_tmpm4kna.o(.text) referenced from startup_tmpm4kna.o(RESET)
 <LI><a href="#[13]">INT09_IRQHandler</a> from startup_tmpm4kna.o(.text) referenced from startup_tmpm4kna.o(RESET)
 <LI><a href="#[14]">INT10_IRQHandler</a> from startup_tmpm4kna.o(.text) referenced from startup_tmpm4kna.o(RESET)
 <LI><a href="#[15]">INT11_IRQHandler</a> from startup_tmpm4kna.o(.text) referenced from startup_tmpm4kna.o(RESET)
 <LI><a href="#[16]">INT12_IRQHandler</a> from startup_tmpm4kna.o(.text) referenced from startup_tmpm4kna.o(RESET)
 <LI><a href="#[17]">INT13_IRQHandler</a> from startup_tmpm4kna.o(.text) referenced from startup_tmpm4kna.o(RESET)
 <LI><a href="#[18]">INT14_IRQHandler</a> from startup_tmpm4kna.o(.text) referenced from startup_tmpm4kna.o(RESET)
 <LI><a href="#[19]">INT15_IRQHandler</a> from startup_tmpm4kna.o(.text) referenced from startup_tmpm4kna.o(RESET)
 <LI><a href="#[1a]">INT16_IRQHandler</a> from startup_tmpm4kna.o(.text) referenced from startup_tmpm4kna.o(RESET)
 <LI><a href="#[1b]">INT17_IRQHandler</a> from startup_tmpm4kna.o(.text) referenced from startup_tmpm4kna.o(RESET)
 <LI><a href="#[1c]">INT18_IRQHandler</a> from startup_tmpm4kna.o(.text) referenced from startup_tmpm4kna.o(RESET)
 <LI><a href="#[1d]">INT21_IRQHandler</a> from startup_tmpm4kna.o(.text) referenced from startup_tmpm4kna.o(RESET)
 <LI><a href="#[35]">INTADACNT_IRQHandler</a> from startup_tmpm4kna.o(.text) referenced from startup_tmpm4kna.o(RESET)
 <LI><a href="#[31]">INTADACP0_IRQHandler</a> from startup_tmpm4kna.o(.text) referenced from startup_tmpm4kna.o(RESET)
 <LI><a href="#[32]">INTADACP1_IRQHandler</a> from startup_tmpm4kna.o(.text) referenced from startup_tmpm4kna.o(RESET)
 <LI><a href="#[2f]">INTADAPDA_IRQHandler</a> from startup_tmpm4kna.o(.text) referenced from startup_tmpm4kna.o(RESET)
 <LI><a href="#[30]">INTADAPDB_IRQHandler</a> from startup_tmpm4kna.o(.text) referenced from startup_tmpm4kna.o(RESET)
 <LI><a href="#[34]">INTADASGL_IRQHandler</a> from startup_tmpm4kna.o(.text) referenced from startup_tmpm4kna.o(RESET)
 <LI><a href="#[33]">INTADATRG_IRQHandler</a> from startup_tmpm4kna.o(.text) referenced from startup_tmpm4kna.o(RESET)
 <LI><a href="#[3c]">INTADBCNT_IRQHandler</a> from startup_tmpm4kna.o(.text) referenced from startup_tmpm4kna.o(RESET)
 <LI><a href="#[38]">INTADBCP0_IRQHandler</a> from startup_tmpm4kna.o(.text) referenced from startup_tmpm4kna.o(RESET)
 <LI><a href="#[39]">INTADBCP1_IRQHandler</a> from startup_tmpm4kna.o(.text) referenced from startup_tmpm4kna.o(RESET)
 <LI><a href="#[36]">INTADBPDA_IRQHandler</a> from startup_tmpm4kna.o(.text) referenced from startup_tmpm4kna.o(RESET)
 <LI><a href="#[37]">INTADBPDB_IRQHandler</a> from startup_tmpm4kna.o(.text) referenced from startup_tmpm4kna.o(RESET)
 <LI><a href="#[3b]">INTADBSGL_IRQHandler</a> from startup_tmpm4kna.o(.text) referenced from startup_tmpm4kna.o(RESET)
 <LI><a href="#[3a]">INTADBTRG_IRQHandler</a> from startup_tmpm4kna.o(.text) referenced from startup_tmpm4kna.o(RESET)
 <LI><a href="#[43]">INTADCCNT_IRQHandler</a> from startup_tmpm4kna.o(.text) referenced from startup_tmpm4kna.o(RESET)
 <LI><a href="#[3f]">INTADCCP0_IRQHandler</a> from startup_tmpm4kna.o(.text) referenced from startup_tmpm4kna.o(RESET)
 <LI><a href="#[40]">INTADCCP1_IRQHandler</a> from startup_tmpm4kna.o(.text) referenced from startup_tmpm4kna.o(RESET)
 <LI><a href="#[3d]">INTADCPDA_IRQHandler</a> from startup_tmpm4kna.o(.text) referenced from startup_tmpm4kna.o(RESET)
 <LI><a href="#[3e]">INTADCPDB_IRQHandler</a> from startup_tmpm4kna.o(.text) referenced from startup_tmpm4kna.o(RESET)
 <LI><a href="#[42]">INTADCSGL_IRQHandler</a> from startup_tmpm4kna.o(.text) referenced from startup_tmpm4kna.o(RESET)
 <LI><a href="#[41]">INTADCTRG_IRQHandler</a> from startup_tmpm4kna.o(.text) referenced from startup_tmpm4kna.o(RESET)
 <LI><a href="#[7f]">INTDMAAERR_IRQHandler</a> from startup_tmpm4kna.o(.text) referenced from startup_tmpm4kna.o(RESET)
 <LI><a href="#[7e]">INTDMAATC_IRQHandler</a> from startup_tmpm4kna.o(.text) referenced from startup_tmpm4kna.o(RESET)
 <LI><a href="#[20]">INTEMG0_IRQHandler</a> from startup_tmpm4kna.o(.text) referenced from startup_tmpm4kna.o(RESET)
 <LI><a href="#[21]">INTEMG1_IRQHandler</a> from startup_tmpm4kna.o(.text) referenced from startup_tmpm4kna.o(RESET)
 <LI><a href="#[22]">INTEMG2_IRQHandler</a> from startup_tmpm4kna.o(.text) referenced from startup_tmpm4kna.o(RESET)
 <LI><a href="#[29]">INTENC00_IRQHandler</a> from startup_tmpm4kna.o(.text) referenced from startup_tmpm4kna.o(RESET)
 <LI><a href="#[2a]">INTENC01_IRQHandler</a> from startup_tmpm4kna.o(.text) referenced from startup_tmpm4kna.o(RESET)
 <LI><a href="#[2b]">INTENC10_IRQHandler</a> from startup_tmpm4kna.o(.text) referenced from startup_tmpm4kna.o(RESET)
 <LI><a href="#[2c]">INTENC11_IRQHandler</a> from startup_tmpm4kna.o(.text) referenced from startup_tmpm4kna.o(RESET)
 <LI><a href="#[2d]">INTENC20_IRQHandler</a> from startup_tmpm4kna.o(.text) referenced from startup_tmpm4kna.o(RESET)
 <LI><a href="#[2e]">INTENC21_IRQHandler</a> from startup_tmpm4kna.o(.text) referenced from startup_tmpm4kna.o(RESET)
 <LI><a href="#[80]">INTFLCRDY_IRQHandler</a> from startup_tmpm4kna.o(.text) referenced from startup_tmpm4kna.o(RESET)
 <LI><a href="#[81]">INTFLDRDY_IRQHandler</a> from startup_tmpm4kna.o(.text) referenced from startup_tmpm4kna.o(RESET)
 <LI><a href="#[51]">INTI2C0ATX_IRQHandler</a> from startup_tmpm4kna.o(.text) referenced from startup_tmpm4kna.o(RESET)
 <LI><a href="#[52]">INTI2C0BRX_IRQHandler</a> from startup_tmpm4kna.o(.text) referenced from startup_tmpm4kna.o(RESET)
 <LI><a href="#[53]">INTI2C0NA_IRQHandler</a> from startup_tmpm4kna.o(.text) referenced from startup_tmpm4kna.o(RESET)
 <LI><a href="#[50]">INTI2C0NST_IRQHandler</a> from startup_tmpm4kna.o(.text) referenced from startup_tmpm4kna.o(RESET)
 <LI><a href="#[55]">INTI2C1ATX_IRQHandler</a> from startup_tmpm4kna.o(.text) referenced from startup_tmpm4kna.o(RESET)
 <LI><a href="#[56]">INTI2C1BRX_IRQHandler</a> from startup_tmpm4kna.o(.text) referenced from startup_tmpm4kna.o(RESET)
 <LI><a href="#[57]">INTI2C1NA_IRQHandler</a> from startup_tmpm4kna.o(.text) referenced from startup_tmpm4kna.o(RESET)
 <LI><a href="#[54]">INTI2C1NST_IRQHandler</a> from startup_tmpm4kna.o(.text) referenced from startup_tmpm4kna.o(RESET)
 <LI><a href="#[23]">INTOVV0_IRQHandler</a> from startup_tmpm4kna.o(.text) referenced from startup_tmpm4kna.o(RESET)
 <LI><a href="#[24]">INTOVV1_IRQHandler</a> from startup_tmpm4kna.o(.text) referenced from startup_tmpm4kna.o(RESET)
 <LI><a href="#[25]">INTOVV2_IRQHandler</a> from startup_tmpm4kna.o(.text) referenced from startup_tmpm4kna.o(RESET)
 <LI><a href="#[7c]">INTPARI0_IRQHandler</a> from startup_tmpm4kna.o(.text) referenced from startup_tmpm4kna.o(RESET)
 <LI><a href="#[7d]">INTPARI1_IRQHandler</a> from startup_tmpm4kna.o(.text) referenced from startup_tmpm4kna.o(RESET)
 <LI><a href="#[26]">INTPWM0_IRQHandler</a> from startup_tmpm4kna.o(.text) referenced from startup_tmpm4kna.o(RESET)
 <LI><a href="#[27]">INTPWM1_IRQHandler</a> from startup_tmpm4kna.o(.text) referenced from startup_tmpm4kna.o(RESET)
 <LI><a href="#[28]">INTPWM2_IRQHandler</a> from startup_tmpm4kna.o(.text) referenced from startup_tmpm4kna.o(RESET)
 <LI><a href="#[46]">INTSC0ERR_IRQHandler</a> from startup_tmpm4kna.o(.text) referenced from startup_tmpm4kna.o(RESET)
 <LI><a href="#[44]">INTSC0RX_IRQHandler</a> from startup_tmpm4kna.o(.text) referenced from startup_tmpm4kna.o(RESET)
 <LI><a href="#[45]">INTSC0TX_IRQHandler</a> from startup_tmpm4kna.o(.text) referenced from startup_tmpm4kna.o(RESET)
 <LI><a href="#[49]">INTSC1ERR_IRQHandler</a> from startup_tmpm4kna.o(.text) referenced from startup_tmpm4kna.o(RESET)
 <LI><a href="#[47]">INTSC1RX_IRQHandler</a> from startup_tmpm4kna.o(.text) referenced from startup_tmpm4kna.o(RESET)
 <LI><a href="#[48]">INTSC1TX_IRQHandler</a> from startup_tmpm4kna.o(.text) referenced from startup_tmpm4kna.o(RESET)
 <LI><a href="#[4c]">INTSC2ERR_IRQHandler</a> from startup_tmpm4kna.o(.text) referenced from startup_tmpm4kna.o(RESET)
 <LI><a href="#[4a]">INTSC2RX_IRQHandler</a> from startup_tmpm4kna.o(.text) referenced from startup_tmpm4kna.o(RESET)
 <LI><a href="#[4b]">INTSC2TX_IRQHandler</a> from startup_tmpm4kna.o(.text) referenced from startup_tmpm4kna.o(RESET)
 <LI><a href="#[4f]">INTSC3ERR_IRQHandler</a> from startup_tmpm4kna.o(.text) referenced from startup_tmpm4kna.o(RESET)
 <LI><a href="#[4d]">INTSC3RX_IRQHandler</a> from startup_tmpm4kna.o(.text) referenced from startup_tmpm4kna.o(RESET)
 <LI><a href="#[4e]">INTSC3TX_IRQHandler</a> from startup_tmpm4kna.o(.text) referenced from startup_tmpm4kna.o(RESET)
 <LI><a href="#[59]">INTT32A00ACCAP0_IRQHandler</a> from startup_tmpm4kna.o(.text) referenced from startup_tmpm4kna.o(RESET)
 <LI><a href="#[5a]">INTT32A00ACCAP1_IRQHandler</a> from startup_tmpm4kna.o(.text) referenced from startup_tmpm4kna.o(RESET)
 <LI><a href="#[58]">INTT32A00AC_IRQHandler</a> from startup_tmpm4kna.o(.text) referenced from startup_tmpm4kna.o(RESET)
 <LI><a href="#[5c]">INTT32A00BCAP0_IRQHandler</a> from startup_tmpm4kna.o(.text) referenced from startup_tmpm4kna.o(RESET)
 <LI><a href="#[5d]">INTT32A00BCAP1_IRQHandler</a> from startup_tmpm4kna.o(.text) referenced from startup_tmpm4kna.o(RESET)
 <LI><a href="#[5b]">INTT32A00B_IRQHandler</a> from startup_tmpm4kna.o(.text) referenced from startup_tmpm4kna.o(RESET)
 <LI><a href="#[5f]">INTT32A01ACCAP0_IRQHandler</a> from startup_tmpm4kna.o(.text) referenced from startup_tmpm4kna.o(RESET)
 <LI><a href="#[60]">INTT32A01ACCAP1_IRQHandler</a> from startup_tmpm4kna.o(.text) referenced from startup_tmpm4kna.o(RESET)
 <LI><a href="#[5e]">INTT32A01AC_IRQHandler</a> from startup_tmpm4kna.o(.text) referenced from startup_tmpm4kna.o(RESET)
 <LI><a href="#[62]">INTT32A01BCAP0_IRQHandler</a> from startup_tmpm4kna.o(.text) referenced from startup_tmpm4kna.o(RESET)
 <LI><a href="#[63]">INTT32A01BCAP1_IRQHandler</a> from startup_tmpm4kna.o(.text) referenced from startup_tmpm4kna.o(RESET)
 <LI><a href="#[61]">INTT32A01B_IRQHandler</a> from startup_tmpm4kna.o(.text) referenced from startup_tmpm4kna.o(RESET)
 <LI><a href="#[65]">INTT32A02ACCAP0_IRQHandler</a> from startup_tmpm4kna.o(.text) referenced from startup_tmpm4kna.o(RESET)
 <LI><a href="#[66]">INTT32A02ACCAP1_IRQHandler</a> from startup_tmpm4kna.o(.text) referenced from startup_tmpm4kna.o(RESET)
 <LI><a href="#[64]">INTT32A02AC_IRQHandler</a> from startup_tmpm4kna.o(.text) referenced from startup_tmpm4kna.o(RESET)
 <LI><a href="#[68]">INTT32A02BCAP0_IRQHandler</a> from startup_tmpm4kna.o(.text) referenced from startup_tmpm4kna.o(RESET)
 <LI><a href="#[69]">INTT32A02BCAP1_IRQHandler</a> from startup_tmpm4kna.o(.text) referenced from startup_tmpm4kna.o(RESET)
 <LI><a href="#[67]">INTT32A02B_IRQHandler</a> from startup_tmpm4kna.o(.text) referenced from startup_tmpm4kna.o(RESET)
 <LI><a href="#[6b]">INTT32A03ACCAP0_IRQHandler</a> from startup_tmpm4kna.o(.text) referenced from startup_tmpm4kna.o(RESET)
 <LI><a href="#[6c]">INTT32A03ACCAP1_IRQHandler</a> from startup_tmpm4kna.o(.text) referenced from startup_tmpm4kna.o(RESET)
 <LI><a href="#[6a]">INTT32A03AC_IRQHandler</a> from startup_tmpm4kna.o(.text) referenced from startup_tmpm4kna.o(RESET)
 <LI><a href="#[6e]">INTT32A03BCAP0_IRQHandler</a> from startup_tmpm4kna.o(.text) referenced from startup_tmpm4kna.o(RESET)
 <LI><a href="#[6f]">INTT32A03BCAP1_IRQHandler</a> from startup_tmpm4kna.o(.text) referenced from startup_tmpm4kna.o(RESET)
 <LI><a href="#[6d]">INTT32A03B_IRQHandler</a> from startup_tmpm4kna.o(.text) referenced from startup_tmpm4kna.o(RESET)
 <LI><a href="#[71]">INTT32A04ACCAP0_IRQHandler</a> from startup_tmpm4kna.o(.text) referenced from startup_tmpm4kna.o(RESET)
 <LI><a href="#[72]">INTT32A04ACCAP1_IRQHandler</a> from startup_tmpm4kna.o(.text) referenced from startup_tmpm4kna.o(RESET)
 <LI><a href="#[70]">INTT32A04AC_IRQHandler</a> from startup_tmpm4kna.o(.text) referenced from startup_tmpm4kna.o(RESET)
 <LI><a href="#[74]">INTT32A04BCAP0_IRQHandler</a> from startup_tmpm4kna.o(.text) referenced from startup_tmpm4kna.o(RESET)
 <LI><a href="#[75]">INTT32A04BCAP1_IRQHandler</a> from startup_tmpm4kna.o(.text) referenced from startup_tmpm4kna.o(RESET)
 <LI><a href="#[73]">INTT32A04B_IRQHandler</a> from startup_tmpm4kna.o(.text) referenced from startup_tmpm4kna.o(RESET)
 <LI><a href="#[77]">INTT32A05ACCAP0_IRQHandler</a> from startup_tmpm4kna.o(.text) referenced from startup_tmpm4kna.o(RESET)
 <LI><a href="#[78]">INTT32A05ACCAP1_IRQHandler</a> from startup_tmpm4kna.o(.text) referenced from startup_tmpm4kna.o(RESET)
 <LI><a href="#[76]">INTT32A05AC_IRQHandler</a> from startup_tmpm4kna.o(.text) referenced from startup_tmpm4kna.o(RESET)
 <LI><a href="#[7a]">INTT32A05BCAP0_IRQHandler</a> from startup_tmpm4kna.o(.text) referenced from startup_tmpm4kna.o(RESET)
 <LI><a href="#[7b]">INTT32A05BCAP1_IRQHandler</a> from startup_tmpm4kna.o(.text) referenced from startup_tmpm4kna.o(RESET)
 <LI><a href="#[79]">INTT32A05B_IRQHandler</a> from startup_tmpm4kna.o(.text) referenced from startup_tmpm4kna.o(RESET)
 <LI><a href="#[1e]">INTVCN0_IRQHandler</a> from startup_tmpm4kna.o(.text) referenced from startup_tmpm4kna.o(RESET)
 <LI><a href="#[1f]">INTVCT0_IRQHandler</a> from startup_tmpm4kna.o(.text) referenced from startup_tmpm4kna.o(RESET)
 <LI><a href="#[3]">MemManage_Handler</a> from startup_tmpm4kna.o(.text) referenced from startup_tmpm4kna.o(RESET)
 <LI><a href="#[1]">NMI_Handler</a> from startup_tmpm4kna.o(.text) referenced from startup_tmpm4kna.o(RESET)
 <LI><a href="#[8]">PendSV_Handler</a> from startup_tmpm4kna.o(.text) referenced from startup_tmpm4kna.o(RESET)
 <LI><a href="#[0]">Reset_Handler</a> from startup_tmpm4kna.o(.text) referenced from startup_tmpm4kna.o(RESET)
 <LI><a href="#[6]">SVC_Handler</a> from startup_tmpm4kna.o(.text) referenced from startup_tmpm4kna.o(RESET)
 <LI><a href="#[9]">SysTick_Handler</a> from startup_tmpm4kna.o(.text) referenced from startup_tmpm4kna.o(RESET)
 <LI><a href="#[82]">SystemInit</a> from system_tmpm4kya.o(.text.SystemInit) referenced from startup_tmpm4kna.o(.text)
 <LI><a href="#[5]">UsageFault_Handler</a> from startup_tmpm4kna.o(.text) referenced from startup_tmpm4kna.o(RESET)
 <LI><a href="#[83]">__main</a> from __main.o(!!!main) referenced from startup_tmpm4kna.o(.text)
</UL>
<P>
<H3>
Global Symbols
</H3>
<P><STRONG><a name="[83]"></a>__main</STRONG> (Thumb, 8 bytes, Stack size 0 bytes, __main.o(!!!main))
<BR><BR>[Calls]<UL><LI><a href="#[84]">&gt;&gt;</a>&nbsp;&nbsp;&nbsp;__scatterload
<LI><a href="#[85]">&gt;&gt;</a>&nbsp;&nbsp;&nbsp;__rt_entry
</UL>
<BR>[Address Reference Count : 1]<UL><LI> startup_tmpm4kna.o(.text)
</UL>
<P><STRONG><a name="[84]"></a>__scatterload</STRONG> (Thumb, 0 bytes, Stack size unknown bytes, __scatter.o(!!!scatter))
<BR><BR>[Called By]<UL><LI><a href="#[83]">&gt;&gt;</a>&nbsp;&nbsp;&nbsp;__main
</UL>

<P><STRONG><a name="[86]"></a>__scatterload_rt2</STRONG> (Thumb, 84 bytes, Stack size unknown bytes, __scatter.o(!!!scatter), UNUSED)
<BR><BR>[Calls]<UL><LI><a href="#[85]">&gt;&gt;</a>&nbsp;&nbsp;&nbsp;__rt_entry
</UL>

<P><STRONG><a name="[9c]"></a>__scatterload_rt2_thumb_only</STRONG> (Thumb, 0 bytes, Stack size unknown bytes, __scatter.o(!!!scatter), UNUSED)

<P><STRONG><a name="[9d]"></a>__scatterload_loop</STRONG> (Thumb, 0 bytes, Stack size unknown bytes, __scatter.o(!!!scatter), UNUSED)

<P><STRONG><a name="[9e]"></a>__scatterload_null</STRONG> (Thumb, 2 bytes, Stack size unknown bytes, __scatter.o(!!handler_null), UNUSED)

<P><STRONG><a name="[9f]"></a>__scatterload_zeroinit</STRONG> (Thumb, 28 bytes, Stack size unknown bytes, __scatter_zi.o(!!handler_zi), UNUSED)

<P><STRONG><a name="[8c]"></a>__rt_lib_init</STRONG> (Thumb, 0 bytes, Stack size unknown bytes, libinit.o(.ARM.Collect$$libinit$$00000000))
<BR><BR>[Called By]<UL><LI><a href="#[8b]">&gt;&gt;</a>&nbsp;&nbsp;&nbsp;__rt_entry_li
</UL>

<P><STRONG><a name="[87]"></a>__rt_lib_init_fp_1</STRONG> (Thumb, 0 bytes, Stack size unknown bytes, libinit2.o(.ARM.Collect$$libinit$$00000001))
<BR><BR>[Calls]<UL><LI><a href="#[88]">&gt;&gt;</a>&nbsp;&nbsp;&nbsp;_fp_init
</UL>

<P><STRONG><a name="[a0]"></a>__rt_lib_init_alloca_1</STRONG> (Thumb, 0 bytes, Stack size unknown bytes, libinit2.o(.ARM.Collect$$libinit$$00000030))

<P><STRONG><a name="[a1]"></a>__rt_lib_init_argv_1</STRONG> (Thumb, 0 bytes, Stack size unknown bytes, libinit2.o(.ARM.Collect$$libinit$$0000002E))

<P><STRONG><a name="[a2]"></a>__rt_lib_init_atexit_1</STRONG> (Thumb, 0 bytes, Stack size unknown bytes, libinit2.o(.ARM.Collect$$libinit$$0000001D))

<P><STRONG><a name="[a3]"></a>__rt_lib_init_clock_1</STRONG> (Thumb, 0 bytes, Stack size unknown bytes, libinit2.o(.ARM.Collect$$libinit$$00000023))

<P><STRONG><a name="[a4]"></a>__rt_lib_init_cpp_1</STRONG> (Thumb, 0 bytes, Stack size unknown bytes, libinit2.o(.ARM.Collect$$libinit$$00000034))

<P><STRONG><a name="[a5]"></a>__rt_lib_init_exceptions_1</STRONG> (Thumb, 0 bytes, Stack size unknown bytes, libinit2.o(.ARM.Collect$$libinit$$00000032))

<P><STRONG><a name="[a6]"></a>__rt_lib_init_fp_trap_1</STRONG> (Thumb, 0 bytes, Stack size unknown bytes, libinit2.o(.ARM.Collect$$libinit$$00000021))

<P><STRONG><a name="[a7]"></a>__rt_lib_init_getenv_1</STRONG> (Thumb, 0 bytes, Stack size unknown bytes, libinit2.o(.ARM.Collect$$libinit$$00000025))

<P><STRONG><a name="[a8]"></a>__rt_lib_init_heap_1</STRONG> (Thumb, 0 bytes, Stack size unknown bytes, libinit2.o(.ARM.Collect$$libinit$$0000000C))

<P><STRONG><a name="[a9]"></a>__rt_lib_init_lc_collate_1</STRONG> (Thumb, 0 bytes, Stack size unknown bytes, libinit2.o(.ARM.Collect$$libinit$$00000013))

<P><STRONG><a name="[aa]"></a>__rt_lib_init_lc_ctype_1</STRONG> (Thumb, 0 bytes, Stack size unknown bytes, libinit2.o(.ARM.Collect$$libinit$$00000015))

<P><STRONG><a name="[ab]"></a>__rt_lib_init_lc_monetary_1</STRONG> (Thumb, 0 bytes, Stack size unknown bytes, libinit2.o(.ARM.Collect$$libinit$$00000017))

<P><STRONG><a name="[ac]"></a>__rt_lib_init_lc_numeric_1</STRONG> (Thumb, 0 bytes, Stack size unknown bytes, libinit2.o(.ARM.Collect$$libinit$$00000019))

<P><STRONG><a name="[ad]"></a>__rt_lib_init_lc_time_1</STRONG> (Thumb, 0 bytes, Stack size unknown bytes, libinit2.o(.ARM.Collect$$libinit$$0000001B))

<P><STRONG><a name="[ae]"></a>__rt_lib_init_preinit_1</STRONG> (Thumb, 0 bytes, Stack size unknown bytes, libinit2.o(.ARM.Collect$$libinit$$00000006))

<P><STRONG><a name="[af]"></a>__rt_lib_init_rand_1</STRONG> (Thumb, 0 bytes, Stack size unknown bytes, libinit2.o(.ARM.Collect$$libinit$$00000010))

<P><STRONG><a name="[b0]"></a>__rt_lib_init_relocate_pie_1</STRONG> (Thumb, 0 bytes, Stack size unknown bytes, libinit2.o(.ARM.Collect$$libinit$$00000004))

<P><STRONG><a name="[b1]"></a>__rt_lib_init_return</STRONG> (Thumb, 0 bytes, Stack size unknown bytes, libinit2.o(.ARM.Collect$$libinit$$00000035))

<P><STRONG><a name="[b2]"></a>__rt_lib_init_signal_1</STRONG> (Thumb, 0 bytes, Stack size unknown bytes, libinit2.o(.ARM.Collect$$libinit$$0000001F))

<P><STRONG><a name="[b3]"></a>__rt_lib_init_stdio_1</STRONG> (Thumb, 0 bytes, Stack size unknown bytes, libinit2.o(.ARM.Collect$$libinit$$00000027))

<P><STRONG><a name="[b4]"></a>__rt_lib_init_user_alloc_1</STRONG> (Thumb, 0 bytes, Stack size unknown bytes, libinit2.o(.ARM.Collect$$libinit$$0000000E))

<P><STRONG><a name="[91]"></a>__rt_lib_shutdown</STRONG> (Thumb, 0 bytes, Stack size unknown bytes, libshutdown.o(.ARM.Collect$$libshutdown$$00000000))
<BR><BR>[Called By]<UL><LI><a href="#[90]">&gt;&gt;</a>&nbsp;&nbsp;&nbsp;__rt_exit_ls
</UL>

<P><STRONG><a name="[b5]"></a>__rt_lib_shutdown_cpp_1</STRONG> (Thumb, 0 bytes, Stack size unknown bytes, libshutdown2.o(.ARM.Collect$$libshutdown$$00000002))

<P><STRONG><a name="[b6]"></a>__rt_lib_shutdown_fp_trap_1</STRONG> (Thumb, 0 bytes, Stack size unknown bytes, libshutdown2.o(.ARM.Collect$$libshutdown$$00000007))

<P><STRONG><a name="[b7]"></a>__rt_lib_shutdown_heap_1</STRONG> (Thumb, 0 bytes, Stack size unknown bytes, libshutdown2.o(.ARM.Collect$$libshutdown$$0000000F))

<P><STRONG><a name="[b8]"></a>__rt_lib_shutdown_return</STRONG> (Thumb, 0 bytes, Stack size unknown bytes, libshutdown2.o(.ARM.Collect$$libshutdown$$00000010))

<P><STRONG><a name="[b9]"></a>__rt_lib_shutdown_signal_1</STRONG> (Thumb, 0 bytes, Stack size unknown bytes, libshutdown2.o(.ARM.Collect$$libshutdown$$0000000A))

<P><STRONG><a name="[ba]"></a>__rt_lib_shutdown_stdio_1</STRONG> (Thumb, 0 bytes, Stack size unknown bytes, libshutdown2.o(.ARM.Collect$$libshutdown$$00000004))

<P><STRONG><a name="[bb]"></a>__rt_lib_shutdown_user_alloc_1</STRONG> (Thumb, 0 bytes, Stack size unknown bytes, libshutdown2.o(.ARM.Collect$$libshutdown$$0000000C))

<P><STRONG><a name="[85]"></a>__rt_entry</STRONG> (Thumb, 0 bytes, Stack size unknown bytes, __rtentry.o(.ARM.Collect$$rtentry$$00000000))
<BR><BR>[Called By]<UL><LI><a href="#[86]">&gt;&gt;</a>&nbsp;&nbsp;&nbsp;__scatterload_rt2
<LI><a href="#[83]">&gt;&gt;</a>&nbsp;&nbsp;&nbsp;__main
</UL>

<P><STRONG><a name="[bc]"></a>__rt_entry_presh_1</STRONG> (Thumb, 0 bytes, Stack size unknown bytes, __rtentry2.o(.ARM.Collect$$rtentry$$00000002))

<P><STRONG><a name="[89]"></a>__rt_entry_sh</STRONG> (Thumb, 0 bytes, Stack size unknown bytes, __rtentry4.o(.ARM.Collect$$rtentry$$00000004))
<BR><BR>[Stack]<UL><LI>Max Depth = 8 + Unknown Stack Size
<LI>Call Chain = __rt_entry_sh &rArr; __user_setup_stackheap
</UL>
<BR>[Calls]<UL><LI><a href="#[8a]">&gt;&gt;</a>&nbsp;&nbsp;&nbsp;__user_setup_stackheap
</UL>

<P><STRONG><a name="[8b]"></a>__rt_entry_li</STRONG> (Thumb, 0 bytes, Stack size unknown bytes, __rtentry2.o(.ARM.Collect$$rtentry$$0000000A))
<BR><BR>[Calls]<UL><LI><a href="#[8c]">&gt;&gt;</a>&nbsp;&nbsp;&nbsp;__rt_lib_init
</UL>

<P><STRONG><a name="[bd]"></a>__rt_entry_postsh_1</STRONG> (Thumb, 0 bytes, Stack size unknown bytes, __rtentry2.o(.ARM.Collect$$rtentry$$00000009))

<P><STRONG><a name="[8d]"></a>__rt_entry_main</STRONG> (Thumb, 0 bytes, Stack size unknown bytes, __rtentry2.o(.ARM.Collect$$rtentry$$0000000D))
<BR><BR>[Stack]<UL><LI>Max Depth = 16 + Unknown Stack Size
<LI>Call Chain = __rt_entry_main &rArr; main &rArr; ENC32A_Init
</UL>
<BR>[Calls]<UL><LI><a href="#[8f]">&gt;&gt;</a>&nbsp;&nbsp;&nbsp;exit
<LI><a href="#[8e]">&gt;&gt;</a>&nbsp;&nbsp;&nbsp;main
</UL>

<P><STRONG><a name="[be]"></a>__rt_entry_postli_1</STRONG> (Thumb, 0 bytes, Stack size unknown bytes, __rtentry2.o(.ARM.Collect$$rtentry$$0000000C))

<P><STRONG><a name="[96]"></a>__rt_exit</STRONG> (Thumb, 0 bytes, Stack size unknown bytes, rtexit.o(.ARM.Collect$$rtexit$$00000000))
<BR><BR>[Called By]<UL><LI><a href="#[8f]">&gt;&gt;</a>&nbsp;&nbsp;&nbsp;exit
</UL>

<P><STRONG><a name="[90]"></a>__rt_exit_ls</STRONG> (Thumb, 0 bytes, Stack size unknown bytes, rtexit2.o(.ARM.Collect$$rtexit$$00000003))
<BR><BR>[Calls]<UL><LI><a href="#[91]">&gt;&gt;</a>&nbsp;&nbsp;&nbsp;__rt_lib_shutdown
</UL>

<P><STRONG><a name="[bf]"></a>__rt_exit_prels_1</STRONG> (Thumb, 0 bytes, Stack size unknown bytes, rtexit2.o(.ARM.Collect$$rtexit$$00000002))

<P><STRONG><a name="[92]"></a>__rt_exit_exit</STRONG> (Thumb, 0 bytes, Stack size unknown bytes, rtexit2.o(.ARM.Collect$$rtexit$$00000004))
<BR><BR>[Calls]<UL><LI><a href="#[93]">&gt;&gt;</a>&nbsp;&nbsp;&nbsp;_sys_exit
</UL>

<P><STRONG><a name="[0]"></a>Reset_Handler</STRONG> (Thumb, 8 bytes, Stack size 0 bytes, startup_tmpm4kna.o(.text))
<BR>[Address Reference Count : 1]<UL><LI> startup_tmpm4kna.o(RESET)
</UL>
<P><STRONG><a name="[1]"></a>NMI_Handler</STRONG> (Thumb, 2 bytes, Stack size 0 bytes, startup_tmpm4kna.o(.text))
<BR><BR>[Calls]<UL><LI><a href="#[1]">&gt;&gt;</a>&nbsp;&nbsp;&nbsp;NMI_Handler
</UL>
<BR>[Called By]<UL><LI><a href="#[1]">&gt;&gt;</a>&nbsp;&nbsp;&nbsp;NMI_Handler
</UL>
<BR>[Address Reference Count : 1]<UL><LI> startup_tmpm4kna.o(RESET)
</UL>
<P><STRONG><a name="[2]"></a>HardFault_Handler</STRONG> (Thumb, 2 bytes, Stack size 0 bytes, startup_tmpm4kna.o(.text))
<BR><BR>[Calls]<UL><LI><a href="#[2]">&gt;&gt;</a>&nbsp;&nbsp;&nbsp;HardFault_Handler
</UL>
<BR>[Called By]<UL><LI><a href="#[2]">&gt;&gt;</a>&nbsp;&nbsp;&nbsp;HardFault_Handler
</UL>
<BR>[Address Reference Count : 1]<UL><LI> startup_tmpm4kna.o(RESET)
</UL>
<P><STRONG><a name="[3]"></a>MemManage_Handler</STRONG> (Thumb, 2 bytes, Stack size 0 bytes, startup_tmpm4kna.o(.text))
<BR><BR>[Calls]<UL><LI><a href="#[3]">&gt;&gt;</a>&nbsp;&nbsp;&nbsp;MemManage_Handler
</UL>
<BR>[Called By]<UL><LI><a href="#[3]">&gt;&gt;</a>&nbsp;&nbsp;&nbsp;MemManage_Handler
</UL>
<BR>[Address Reference Count : 1]<UL><LI> startup_tmpm4kna.o(RESET)
</UL>
<P><STRONG><a name="[4]"></a>BusFault_Handler</STRONG> (Thumb, 2 bytes, Stack size 0 bytes, startup_tmpm4kna.o(.text))
<BR><BR>[Calls]<UL><LI><a href="#[4]">&gt;&gt;</a>&nbsp;&nbsp;&nbsp;BusFault_Handler
</UL>
<BR>[Called By]<UL><LI><a href="#[4]">&gt;&gt;</a>&nbsp;&nbsp;&nbsp;BusFault_Handler
</UL>
<BR>[Address Reference Count : 1]<UL><LI> startup_tmpm4kna.o(RESET)
</UL>
<P><STRONG><a name="[5]"></a>UsageFault_Handler</STRONG> (Thumb, 2 bytes, Stack size 0 bytes, startup_tmpm4kna.o(.text))
<BR><BR>[Calls]<UL><LI><a href="#[5]">&gt;&gt;</a>&nbsp;&nbsp;&nbsp;UsageFault_Handler
</UL>
<BR>[Called By]<UL><LI><a href="#[5]">&gt;&gt;</a>&nbsp;&nbsp;&nbsp;UsageFault_Handler
</UL>
<BR>[Address Reference Count : 1]<UL><LI> startup_tmpm4kna.o(RESET)
</UL>
<P><STRONG><a name="[6]"></a>SVC_Handler</STRONG> (Thumb, 2 bytes, Stack size 0 bytes, startup_tmpm4kna.o(.text))
<BR><BR>[Calls]<UL><LI><a href="#[6]">&gt;&gt;</a>&nbsp;&nbsp;&nbsp;SVC_Handler
</UL>
<BR>[Called By]<UL><LI><a href="#[6]">&gt;&gt;</a>&nbsp;&nbsp;&nbsp;SVC_Handler
</UL>
<BR>[Address Reference Count : 1]<UL><LI> startup_tmpm4kna.o(RESET)
</UL>
<P><STRONG><a name="[7]"></a>DebugMon_Handler</STRONG> (Thumb, 2 bytes, Stack size 0 bytes, startup_tmpm4kna.o(.text))
<BR><BR>[Calls]<UL><LI><a href="#[7]">&gt;&gt;</a>&nbsp;&nbsp;&nbsp;DebugMon_Handler
</UL>
<BR>[Called By]<UL><LI><a href="#[7]">&gt;&gt;</a>&nbsp;&nbsp;&nbsp;DebugMon_Handler
</UL>
<BR>[Address Reference Count : 1]<UL><LI> startup_tmpm4kna.o(RESET)
</UL>
<P><STRONG><a name="[8]"></a>PendSV_Handler</STRONG> (Thumb, 2 bytes, Stack size 0 bytes, startup_tmpm4kna.o(.text))
<BR><BR>[Calls]<UL><LI><a href="#[8]">&gt;&gt;</a>&nbsp;&nbsp;&nbsp;PendSV_Handler
</UL>
<BR>[Called By]<UL><LI><a href="#[8]">&gt;&gt;</a>&nbsp;&nbsp;&nbsp;PendSV_Handler
</UL>
<BR>[Address Reference Count : 1]<UL><LI> startup_tmpm4kna.o(RESET)
</UL>
<P><STRONG><a name="[9]"></a>SysTick_Handler</STRONG> (Thumb, 2 bytes, Stack size 0 bytes, startup_tmpm4kna.o(.text))
<BR><BR>[Calls]<UL><LI><a href="#[9]">&gt;&gt;</a>&nbsp;&nbsp;&nbsp;SysTick_Handler
</UL>
<BR>[Called By]<UL><LI><a href="#[9]">&gt;&gt;</a>&nbsp;&nbsp;&nbsp;SysTick_Handler
</UL>
<BR>[Address Reference Count : 1]<UL><LI> startup_tmpm4kna.o(RESET)
</UL>
<P><STRONG><a name="[a]"></a>INT00_IRQHandler</STRONG> (Thumb, 0 bytes, Stack size 0 bytes, startup_tmpm4kna.o(.text))
<BR><BR>[Calls]<UL><LI><a href="#[a]">&gt;&gt;</a>&nbsp;&nbsp;&nbsp;INT00_IRQHandler
</UL>
<BR>[Called By]<UL><LI><a href="#[a]">&gt;&gt;</a>&nbsp;&nbsp;&nbsp;INT00_IRQHandler
</UL>
<BR>[Address Reference Count : 1]<UL><LI> startup_tmpm4kna.o(RESET)
</UL>
<P><STRONG><a name="[b]"></a>INT01_IRQHandler</STRONG> (Thumb, 0 bytes, Stack size 0 bytes, startup_tmpm4kna.o(.text))
<BR>[Address Reference Count : 1]<UL><LI> startup_tmpm4kna.o(RESET)
</UL>
<P><STRONG><a name="[c]"></a>INT02_IRQHandler</STRONG> (Thumb, 0 bytes, Stack size 0 bytes, startup_tmpm4kna.o(.text))
<BR>[Address Reference Count : 1]<UL><LI> startup_tmpm4kna.o(RESET)
</UL>
<P><STRONG><a name="[d]"></a>INT03_IRQHandler</STRONG> (Thumb, 0 bytes, Stack size 0 bytes, startup_tmpm4kna.o(.text))
<BR>[Address Reference Count : 1]<UL><LI> startup_tmpm4kna.o(RESET)
</UL>
<P><STRONG><a name="[e]"></a>INT04_IRQHandler</STRONG> (Thumb, 0 bytes, Stack size 0 bytes, startup_tmpm4kna.o(.text))
<BR>[Address Reference Count : 1]<UL><LI> startup_tmpm4kna.o(RESET)
</UL>
<P><STRONG><a name="[f]"></a>INT05_IRQHandler</STRONG> (Thumb, 0 bytes, Stack size 0 bytes, startup_tmpm4kna.o(.text))
<BR>[Address Reference Count : 1]<UL><LI> startup_tmpm4kna.o(RESET)
</UL>
<P><STRONG><a name="[10]"></a>INT06_IRQHandler</STRONG> (Thumb, 0 bytes, Stack size 0 bytes, startup_tmpm4kna.o(.text))
<BR>[Address Reference Count : 1]<UL><LI> startup_tmpm4kna.o(RESET)
</UL>
<P><STRONG><a name="[11]"></a>INT07_IRQHandler</STRONG> (Thumb, 0 bytes, Stack size 0 bytes, startup_tmpm4kna.o(.text))
<BR>[Address Reference Count : 1]<UL><LI> startup_tmpm4kna.o(RESET)
</UL>
<P><STRONG><a name="[12]"></a>INT08_IRQHandler</STRONG> (Thumb, 0 bytes, Stack size 0 bytes, startup_tmpm4kna.o(.text))
<BR>[Address Reference Count : 1]<UL><LI> startup_tmpm4kna.o(RESET)
</UL>
<P><STRONG><a name="[13]"></a>INT09_IRQHandler</STRONG> (Thumb, 0 bytes, Stack size 0 bytes, startup_tmpm4kna.o(.text))
<BR>[Address Reference Count : 1]<UL><LI> startup_tmpm4kna.o(RESET)
</UL>
<P><STRONG><a name="[14]"></a>INT10_IRQHandler</STRONG> (Thumb, 0 bytes, Stack size 0 bytes, startup_tmpm4kna.o(.text))
<BR>[Address Reference Count : 1]<UL><LI> startup_tmpm4kna.o(RESET)
</UL>
<P><STRONG><a name="[15]"></a>INT11_IRQHandler</STRONG> (Thumb, 0 bytes, Stack size 0 bytes, startup_tmpm4kna.o(.text))
<BR>[Address Reference Count : 1]<UL><LI> startup_tmpm4kna.o(RESET)
</UL>
<P><STRONG><a name="[16]"></a>INT12_IRQHandler</STRONG> (Thumb, 0 bytes, Stack size 0 bytes, startup_tmpm4kna.o(.text))
<BR>[Address Reference Count : 1]<UL><LI> startup_tmpm4kna.o(RESET)
</UL>
<P><STRONG><a name="[17]"></a>INT13_IRQHandler</STRONG> (Thumb, 0 bytes, Stack size 0 bytes, startup_tmpm4kna.o(.text))
<BR>[Address Reference Count : 1]<UL><LI> startup_tmpm4kna.o(RESET)
</UL>
<P><STRONG><a name="[18]"></a>INT14_IRQHandler</STRONG> (Thumb, 0 bytes, Stack size 0 bytes, startup_tmpm4kna.o(.text))
<BR>[Address Reference Count : 1]<UL><LI> startup_tmpm4kna.o(RESET)
</UL>
<P><STRONG><a name="[19]"></a>INT15_IRQHandler</STRONG> (Thumb, 0 bytes, Stack size 0 bytes, startup_tmpm4kna.o(.text))
<BR>[Address Reference Count : 1]<UL><LI> startup_tmpm4kna.o(RESET)
</UL>
<P><STRONG><a name="[1a]"></a>INT16_IRQHandler</STRONG> (Thumb, 0 bytes, Stack size 0 bytes, startup_tmpm4kna.o(.text))
<BR>[Address Reference Count : 1]<UL><LI> startup_tmpm4kna.o(RESET)
</UL>
<P><STRONG><a name="[1b]"></a>INT17_IRQHandler</STRONG> (Thumb, 0 bytes, Stack size 0 bytes, startup_tmpm4kna.o(.text))
<BR>[Address Reference Count : 1]<UL><LI> startup_tmpm4kna.o(RESET)
</UL>
<P><STRONG><a name="[1c]"></a>INT18_IRQHandler</STRONG> (Thumb, 0 bytes, Stack size 0 bytes, startup_tmpm4kna.o(.text))
<BR>[Address Reference Count : 1]<UL><LI> startup_tmpm4kna.o(RESET)
</UL>
<P><STRONG><a name="[1d]"></a>INT21_IRQHandler</STRONG> (Thumb, 0 bytes, Stack size 0 bytes, startup_tmpm4kna.o(.text))
<BR>[Address Reference Count : 1]<UL><LI> startup_tmpm4kna.o(RESET)
</UL>
<P><STRONG><a name="[35]"></a>INTADACNT_IRQHandler</STRONG> (Thumb, 0 bytes, Stack size 0 bytes, startup_tmpm4kna.o(.text))
<BR>[Address Reference Count : 1]<UL><LI> startup_tmpm4kna.o(RESET)
</UL>
<P><STRONG><a name="[31]"></a>INTADACP0_IRQHandler</STRONG> (Thumb, 0 bytes, Stack size 0 bytes, startup_tmpm4kna.o(.text))
<BR>[Address Reference Count : 1]<UL><LI> startup_tmpm4kna.o(RESET)
</UL>
<P><STRONG><a name="[32]"></a>INTADACP1_IRQHandler</STRONG> (Thumb, 0 bytes, Stack size 0 bytes, startup_tmpm4kna.o(.text))
<BR>[Address Reference Count : 1]<UL><LI> startup_tmpm4kna.o(RESET)
</UL>
<P><STRONG><a name="[2f]"></a>INTADAPDA_IRQHandler</STRONG> (Thumb, 0 bytes, Stack size 0 bytes, startup_tmpm4kna.o(.text))
<BR>[Address Reference Count : 1]<UL><LI> startup_tmpm4kna.o(RESET)
</UL>
<P><STRONG><a name="[30]"></a>INTADAPDB_IRQHandler</STRONG> (Thumb, 0 bytes, Stack size 0 bytes, startup_tmpm4kna.o(.text))
<BR>[Address Reference Count : 1]<UL><LI> startup_tmpm4kna.o(RESET)
</UL>
<P><STRONG><a name="[34]"></a>INTADASGL_IRQHandler</STRONG> (Thumb, 0 bytes, Stack size 0 bytes, startup_tmpm4kna.o(.text))
<BR>[Address Reference Count : 1]<UL><LI> startup_tmpm4kna.o(RESET)
</UL>
<P><STRONG><a name="[33]"></a>INTADATRG_IRQHandler</STRONG> (Thumb, 0 bytes, Stack size 0 bytes, startup_tmpm4kna.o(.text))
<BR>[Address Reference Count : 1]<UL><LI> startup_tmpm4kna.o(RESET)
</UL>
<P><STRONG><a name="[3c]"></a>INTADBCNT_IRQHandler</STRONG> (Thumb, 0 bytes, Stack size 0 bytes, startup_tmpm4kna.o(.text))
<BR>[Address Reference Count : 1]<UL><LI> startup_tmpm4kna.o(RESET)
</UL>
<P><STRONG><a name="[38]"></a>INTADBCP0_IRQHandler</STRONG> (Thumb, 0 bytes, Stack size 0 bytes, startup_tmpm4kna.o(.text))
<BR>[Address Reference Count : 1]<UL><LI> startup_tmpm4kna.o(RESET)
</UL>
<P><STRONG><a name="[39]"></a>INTADBCP1_IRQHandler</STRONG> (Thumb, 0 bytes, Stack size 0 bytes, startup_tmpm4kna.o(.text))
<BR>[Address Reference Count : 1]<UL><LI> startup_tmpm4kna.o(RESET)
</UL>
<P><STRONG><a name="[36]"></a>INTADBPDA_IRQHandler</STRONG> (Thumb, 0 bytes, Stack size 0 bytes, startup_tmpm4kna.o(.text))
<BR>[Address Reference Count : 1]<UL><LI> startup_tmpm4kna.o(RESET)
</UL>
<P><STRONG><a name="[37]"></a>INTADBPDB_IRQHandler</STRONG> (Thumb, 0 bytes, Stack size 0 bytes, startup_tmpm4kna.o(.text))
<BR>[Address Reference Count : 1]<UL><LI> startup_tmpm4kna.o(RESET)
</UL>
<P><STRONG><a name="[3b]"></a>INTADBSGL_IRQHandler</STRONG> (Thumb, 0 bytes, Stack size 0 bytes, startup_tmpm4kna.o(.text))
<BR>[Address Reference Count : 1]<UL><LI> startup_tmpm4kna.o(RESET)
</UL>
<P><STRONG><a name="[3a]"></a>INTADBTRG_IRQHandler</STRONG> (Thumb, 0 bytes, Stack size 0 bytes, startup_tmpm4kna.o(.text))
<BR>[Address Reference Count : 1]<UL><LI> startup_tmpm4kna.o(RESET)
</UL>
<P><STRONG><a name="[43]"></a>INTADCCNT_IRQHandler</STRONG> (Thumb, 0 bytes, Stack size 0 bytes, startup_tmpm4kna.o(.text))
<BR>[Address Reference Count : 1]<UL><LI> startup_tmpm4kna.o(RESET)
</UL>
<P><STRONG><a name="[3f]"></a>INTADCCP0_IRQHandler</STRONG> (Thumb, 0 bytes, Stack size 0 bytes, startup_tmpm4kna.o(.text))
<BR>[Address Reference Count : 1]<UL><LI> startup_tmpm4kna.o(RESET)
</UL>
<P><STRONG><a name="[40]"></a>INTADCCP1_IRQHandler</STRONG> (Thumb, 0 bytes, Stack size 0 bytes, startup_tmpm4kna.o(.text))
<BR>[Address Reference Count : 1]<UL><LI> startup_tmpm4kna.o(RESET)
</UL>
<P><STRONG><a name="[3d]"></a>INTADCPDA_IRQHandler</STRONG> (Thumb, 0 bytes, Stack size 0 bytes, startup_tmpm4kna.o(.text))
<BR>[Address Reference Count : 1]<UL><LI> startup_tmpm4kna.o(RESET)
</UL>
<P><STRONG><a name="[3e]"></a>INTADCPDB_IRQHandler</STRONG> (Thumb, 0 bytes, Stack size 0 bytes, startup_tmpm4kna.o(.text))
<BR>[Address Reference Count : 1]<UL><LI> startup_tmpm4kna.o(RESET)
</UL>
<P><STRONG><a name="[42]"></a>INTADCSGL_IRQHandler</STRONG> (Thumb, 0 bytes, Stack size 0 bytes, startup_tmpm4kna.o(.text))
<BR>[Address Reference Count : 1]<UL><LI> startup_tmpm4kna.o(RESET)
</UL>
<P><STRONG><a name="[41]"></a>INTADCTRG_IRQHandler</STRONG> (Thumb, 0 bytes, Stack size 0 bytes, startup_tmpm4kna.o(.text))
<BR>[Address Reference Count : 1]<UL><LI> startup_tmpm4kna.o(RESET)
</UL>
<P><STRONG><a name="[7f]"></a>INTDMAAERR_IRQHandler</STRONG> (Thumb, 0 bytes, Stack size 0 bytes, startup_tmpm4kna.o(.text))
<BR>[Address Reference Count : 1]<UL><LI> startup_tmpm4kna.o(RESET)
</UL>
<P><STRONG><a name="[7e]"></a>INTDMAATC_IRQHandler</STRONG> (Thumb, 0 bytes, Stack size 0 bytes, startup_tmpm4kna.o(.text))
<BR>[Address Reference Count : 1]<UL><LI> startup_tmpm4kna.o(RESET)
</UL>
<P><STRONG><a name="[20]"></a>INTEMG0_IRQHandler</STRONG> (Thumb, 0 bytes, Stack size 0 bytes, startup_tmpm4kna.o(.text))
<BR>[Address Reference Count : 1]<UL><LI> startup_tmpm4kna.o(RESET)
</UL>
<P><STRONG><a name="[21]"></a>INTEMG1_IRQHandler</STRONG> (Thumb, 0 bytes, Stack size 0 bytes, startup_tmpm4kna.o(.text))
<BR>[Address Reference Count : 1]<UL><LI> startup_tmpm4kna.o(RESET)
</UL>
<P><STRONG><a name="[22]"></a>INTEMG2_IRQHandler</STRONG> (Thumb, 0 bytes, Stack size 0 bytes, startup_tmpm4kna.o(.text))
<BR>[Address Reference Count : 1]<UL><LI> startup_tmpm4kna.o(RESET)
</UL>
<P><STRONG><a name="[29]"></a>INTENC00_IRQHandler</STRONG> (Thumb, 0 bytes, Stack size 0 bytes, startup_tmpm4kna.o(.text))
<BR>[Address Reference Count : 1]<UL><LI> startup_tmpm4kna.o(RESET)
</UL>
<P><STRONG><a name="[2a]"></a>INTENC01_IRQHandler</STRONG> (Thumb, 0 bytes, Stack size 0 bytes, startup_tmpm4kna.o(.text))
<BR>[Address Reference Count : 1]<UL><LI> startup_tmpm4kna.o(RESET)
</UL>
<P><STRONG><a name="[2b]"></a>INTENC10_IRQHandler</STRONG> (Thumb, 0 bytes, Stack size 0 bytes, startup_tmpm4kna.o(.text))
<BR>[Address Reference Count : 1]<UL><LI> startup_tmpm4kna.o(RESET)
</UL>
<P><STRONG><a name="[2c]"></a>INTENC11_IRQHandler</STRONG> (Thumb, 0 bytes, Stack size 0 bytes, startup_tmpm4kna.o(.text))
<BR>[Address Reference Count : 1]<UL><LI> startup_tmpm4kna.o(RESET)
</UL>
<P><STRONG><a name="[2d]"></a>INTENC20_IRQHandler</STRONG> (Thumb, 0 bytes, Stack size 0 bytes, startup_tmpm4kna.o(.text))
<BR>[Address Reference Count : 1]<UL><LI> startup_tmpm4kna.o(RESET)
</UL>
<P><STRONG><a name="[2e]"></a>INTENC21_IRQHandler</STRONG> (Thumb, 0 bytes, Stack size 0 bytes, startup_tmpm4kna.o(.text))
<BR>[Address Reference Count : 1]<UL><LI> startup_tmpm4kna.o(RESET)
</UL>
<P><STRONG><a name="[80]"></a>INTFLCRDY_IRQHandler</STRONG> (Thumb, 0 bytes, Stack size 0 bytes, startup_tmpm4kna.o(.text))
<BR>[Address Reference Count : 1]<UL><LI> startup_tmpm4kna.o(RESET)
</UL>
<P><STRONG><a name="[81]"></a>INTFLDRDY_IRQHandler</STRONG> (Thumb, 0 bytes, Stack size 0 bytes, startup_tmpm4kna.o(.text))
<BR>[Address Reference Count : 1]<UL><LI> startup_tmpm4kna.o(RESET)
</UL>
<P><STRONG><a name="[51]"></a>INTI2C0ATX_IRQHandler</STRONG> (Thumb, 0 bytes, Stack size 0 bytes, startup_tmpm4kna.o(.text))
<BR>[Address Reference Count : 1]<UL><LI> startup_tmpm4kna.o(RESET)
</UL>
<P><STRONG><a name="[52]"></a>INTI2C0BRX_IRQHandler</STRONG> (Thumb, 0 bytes, Stack size 0 bytes, startup_tmpm4kna.o(.text))
<BR>[Address Reference Count : 1]<UL><LI> startup_tmpm4kna.o(RESET)
</UL>
<P><STRONG><a name="[53]"></a>INTI2C0NA_IRQHandler</STRONG> (Thumb, 0 bytes, Stack size 0 bytes, startup_tmpm4kna.o(.text))
<BR>[Address Reference Count : 1]<UL><LI> startup_tmpm4kna.o(RESET)
</UL>
<P><STRONG><a name="[50]"></a>INTI2C0NST_IRQHandler</STRONG> (Thumb, 0 bytes, Stack size 0 bytes, startup_tmpm4kna.o(.text))
<BR>[Address Reference Count : 1]<UL><LI> startup_tmpm4kna.o(RESET)
</UL>
<P><STRONG><a name="[55]"></a>INTI2C1ATX_IRQHandler</STRONG> (Thumb, 0 bytes, Stack size 0 bytes, startup_tmpm4kna.o(.text))
<BR>[Address Reference Count : 1]<UL><LI> startup_tmpm4kna.o(RESET)
</UL>
<P><STRONG><a name="[56]"></a>INTI2C1BRX_IRQHandler</STRONG> (Thumb, 0 bytes, Stack size 0 bytes, startup_tmpm4kna.o(.text))
<BR>[Address Reference Count : 1]<UL><LI> startup_tmpm4kna.o(RESET)
</UL>
<P><STRONG><a name="[57]"></a>INTI2C1NA_IRQHandler</STRONG> (Thumb, 0 bytes, Stack size 0 bytes, startup_tmpm4kna.o(.text))
<BR>[Address Reference Count : 1]<UL><LI> startup_tmpm4kna.o(RESET)
</UL>
<P><STRONG><a name="[54]"></a>INTI2C1NST_IRQHandler</STRONG> (Thumb, 0 bytes, Stack size 0 bytes, startup_tmpm4kna.o(.text))
<BR>[Address Reference Count : 1]<UL><LI> startup_tmpm4kna.o(RESET)
</UL>
<P><STRONG><a name="[23]"></a>INTOVV0_IRQHandler</STRONG> (Thumb, 0 bytes, Stack size 0 bytes, startup_tmpm4kna.o(.text))
<BR>[Address Reference Count : 1]<UL><LI> startup_tmpm4kna.o(RESET)
</UL>
<P><STRONG><a name="[24]"></a>INTOVV1_IRQHandler</STRONG> (Thumb, 0 bytes, Stack size 0 bytes, startup_tmpm4kna.o(.text))
<BR>[Address Reference Count : 1]<UL><LI> startup_tmpm4kna.o(RESET)
</UL>
<P><STRONG><a name="[25]"></a>INTOVV2_IRQHandler</STRONG> (Thumb, 0 bytes, Stack size 0 bytes, startup_tmpm4kna.o(.text))
<BR>[Address Reference Count : 1]<UL><LI> startup_tmpm4kna.o(RESET)
</UL>
<P><STRONG><a name="[7c]"></a>INTPARI0_IRQHandler</STRONG> (Thumb, 0 bytes, Stack size 0 bytes, startup_tmpm4kna.o(.text))
<BR>[Address Reference Count : 1]<UL><LI> startup_tmpm4kna.o(RESET)
</UL>
<P><STRONG><a name="[7d]"></a>INTPARI1_IRQHandler</STRONG> (Thumb, 0 bytes, Stack size 0 bytes, startup_tmpm4kna.o(.text))
<BR>[Address Reference Count : 1]<UL><LI> startup_tmpm4kna.o(RESET)
</UL>
<P><STRONG><a name="[26]"></a>INTPWM0_IRQHandler</STRONG> (Thumb, 0 bytes, Stack size 0 bytes, startup_tmpm4kna.o(.text))
<BR>[Address Reference Count : 1]<UL><LI> startup_tmpm4kna.o(RESET)
</UL>
<P><STRONG><a name="[27]"></a>INTPWM1_IRQHandler</STRONG> (Thumb, 0 bytes, Stack size 0 bytes, startup_tmpm4kna.o(.text))
<BR>[Address Reference Count : 1]<UL><LI> startup_tmpm4kna.o(RESET)
</UL>
<P><STRONG><a name="[28]"></a>INTPWM2_IRQHandler</STRONG> (Thumb, 0 bytes, Stack size 0 bytes, startup_tmpm4kna.o(.text))
<BR>[Address Reference Count : 1]<UL><LI> startup_tmpm4kna.o(RESET)
</UL>
<P><STRONG><a name="[46]"></a>INTSC0ERR_IRQHandler</STRONG> (Thumb, 0 bytes, Stack size 0 bytes, startup_tmpm4kna.o(.text))
<BR>[Address Reference Count : 1]<UL><LI> startup_tmpm4kna.o(RESET)
</UL>
<P><STRONG><a name="[44]"></a>INTSC0RX_IRQHandler</STRONG> (Thumb, 0 bytes, Stack size 0 bytes, startup_tmpm4kna.o(.text))
<BR>[Address Reference Count : 1]<UL><LI> startup_tmpm4kna.o(RESET)
</UL>
<P><STRONG><a name="[45]"></a>INTSC0TX_IRQHandler</STRONG> (Thumb, 0 bytes, Stack size 0 bytes, startup_tmpm4kna.o(.text))
<BR>[Address Reference Count : 1]<UL><LI> startup_tmpm4kna.o(RESET)
</UL>
<P><STRONG><a name="[49]"></a>INTSC1ERR_IRQHandler</STRONG> (Thumb, 0 bytes, Stack size 0 bytes, startup_tmpm4kna.o(.text))
<BR>[Address Reference Count : 1]<UL><LI> startup_tmpm4kna.o(RESET)
</UL>
<P><STRONG><a name="[47]"></a>INTSC1RX_IRQHandler</STRONG> (Thumb, 0 bytes, Stack size 0 bytes, startup_tmpm4kna.o(.text))
<BR>[Address Reference Count : 1]<UL><LI> startup_tmpm4kna.o(RESET)
</UL>
<P><STRONG><a name="[48]"></a>INTSC1TX_IRQHandler</STRONG> (Thumb, 0 bytes, Stack size 0 bytes, startup_tmpm4kna.o(.text))
<BR>[Address Reference Count : 1]<UL><LI> startup_tmpm4kna.o(RESET)
</UL>
<P><STRONG><a name="[4c]"></a>INTSC2ERR_IRQHandler</STRONG> (Thumb, 0 bytes, Stack size 0 bytes, startup_tmpm4kna.o(.text))
<BR>[Address Reference Count : 1]<UL><LI> startup_tmpm4kna.o(RESET)
</UL>
<P><STRONG><a name="[4a]"></a>INTSC2RX_IRQHandler</STRONG> (Thumb, 0 bytes, Stack size 0 bytes, startup_tmpm4kna.o(.text))
<BR>[Address Reference Count : 1]<UL><LI> startup_tmpm4kna.o(RESET)
</UL>
<P><STRONG><a name="[4b]"></a>INTSC2TX_IRQHandler</STRONG> (Thumb, 0 bytes, Stack size 0 bytes, startup_tmpm4kna.o(.text))
<BR>[Address Reference Count : 1]<UL><LI> startup_tmpm4kna.o(RESET)
</UL>
<P><STRONG><a name="[4f]"></a>INTSC3ERR_IRQHandler</STRONG> (Thumb, 0 bytes, Stack size 0 bytes, startup_tmpm4kna.o(.text))
<BR>[Address Reference Count : 1]<UL><LI> startup_tmpm4kna.o(RESET)
</UL>
<P><STRONG><a name="[4d]"></a>INTSC3RX_IRQHandler</STRONG> (Thumb, 0 bytes, Stack size 0 bytes, startup_tmpm4kna.o(.text))
<BR>[Address Reference Count : 1]<UL><LI> startup_tmpm4kna.o(RESET)
</UL>
<P><STRONG><a name="[4e]"></a>INTSC3TX_IRQHandler</STRONG> (Thumb, 0 bytes, Stack size 0 bytes, startup_tmpm4kna.o(.text))
<BR>[Address Reference Count : 1]<UL><LI> startup_tmpm4kna.o(RESET)
</UL>
<P><STRONG><a name="[59]"></a>INTT32A00ACCAP0_IRQHandler</STRONG> (Thumb, 0 bytes, Stack size 0 bytes, startup_tmpm4kna.o(.text))
<BR>[Address Reference Count : 1]<UL><LI> startup_tmpm4kna.o(RESET)
</UL>
<P><STRONG><a name="[5a]"></a>INTT32A00ACCAP1_IRQHandler</STRONG> (Thumb, 0 bytes, Stack size 0 bytes, startup_tmpm4kna.o(.text))
<BR>[Address Reference Count : 1]<UL><LI> startup_tmpm4kna.o(RESET)
</UL>
<P><STRONG><a name="[58]"></a>INTT32A00AC_IRQHandler</STRONG> (Thumb, 0 bytes, Stack size 0 bytes, startup_tmpm4kna.o(.text))
<BR>[Address Reference Count : 1]<UL><LI> startup_tmpm4kna.o(RESET)
</UL>
<P><STRONG><a name="[5c]"></a>INTT32A00BCAP0_IRQHandler</STRONG> (Thumb, 0 bytes, Stack size 0 bytes, startup_tmpm4kna.o(.text))
<BR>[Address Reference Count : 1]<UL><LI> startup_tmpm4kna.o(RESET)
</UL>
<P><STRONG><a name="[5d]"></a>INTT32A00BCAP1_IRQHandler</STRONG> (Thumb, 0 bytes, Stack size 0 bytes, startup_tmpm4kna.o(.text))
<BR>[Address Reference Count : 1]<UL><LI> startup_tmpm4kna.o(RESET)
</UL>
<P><STRONG><a name="[5b]"></a>INTT32A00B_IRQHandler</STRONG> (Thumb, 0 bytes, Stack size 0 bytes, startup_tmpm4kna.o(.text))
<BR>[Address Reference Count : 1]<UL><LI> startup_tmpm4kna.o(RESET)
</UL>
<P><STRONG><a name="[5f]"></a>INTT32A01ACCAP0_IRQHandler</STRONG> (Thumb, 0 bytes, Stack size 0 bytes, startup_tmpm4kna.o(.text))
<BR>[Address Reference Count : 1]<UL><LI> startup_tmpm4kna.o(RESET)
</UL>
<P><STRONG><a name="[60]"></a>INTT32A01ACCAP1_IRQHandler</STRONG> (Thumb, 0 bytes, Stack size 0 bytes, startup_tmpm4kna.o(.text))
<BR>[Address Reference Count : 1]<UL><LI> startup_tmpm4kna.o(RESET)
</UL>
<P><STRONG><a name="[5e]"></a>INTT32A01AC_IRQHandler</STRONG> (Thumb, 0 bytes, Stack size 0 bytes, startup_tmpm4kna.o(.text))
<BR>[Address Reference Count : 1]<UL><LI> startup_tmpm4kna.o(RESET)
</UL>
<P><STRONG><a name="[62]"></a>INTT32A01BCAP0_IRQHandler</STRONG> (Thumb, 0 bytes, Stack size 0 bytes, startup_tmpm4kna.o(.text))
<BR>[Address Reference Count : 1]<UL><LI> startup_tmpm4kna.o(RESET)
</UL>
<P><STRONG><a name="[63]"></a>INTT32A01BCAP1_IRQHandler</STRONG> (Thumb, 0 bytes, Stack size 0 bytes, startup_tmpm4kna.o(.text))
<BR>[Address Reference Count : 1]<UL><LI> startup_tmpm4kna.o(RESET)
</UL>
<P><STRONG><a name="[61]"></a>INTT32A01B_IRQHandler</STRONG> (Thumb, 0 bytes, Stack size 0 bytes, startup_tmpm4kna.o(.text))
<BR>[Address Reference Count : 1]<UL><LI> startup_tmpm4kna.o(RESET)
</UL>
<P><STRONG><a name="[65]"></a>INTT32A02ACCAP0_IRQHandler</STRONG> (Thumb, 0 bytes, Stack size 0 bytes, startup_tmpm4kna.o(.text))
<BR>[Address Reference Count : 1]<UL><LI> startup_tmpm4kna.o(RESET)
</UL>
<P><STRONG><a name="[66]"></a>INTT32A02ACCAP1_IRQHandler</STRONG> (Thumb, 0 bytes, Stack size 0 bytes, startup_tmpm4kna.o(.text))
<BR>[Address Reference Count : 1]<UL><LI> startup_tmpm4kna.o(RESET)
</UL>
<P><STRONG><a name="[64]"></a>INTT32A02AC_IRQHandler</STRONG> (Thumb, 0 bytes, Stack size 0 bytes, startup_tmpm4kna.o(.text))
<BR>[Address Reference Count : 1]<UL><LI> startup_tmpm4kna.o(RESET)
</UL>
<P><STRONG><a name="[68]"></a>INTT32A02BCAP0_IRQHandler</STRONG> (Thumb, 0 bytes, Stack size 0 bytes, startup_tmpm4kna.o(.text))
<BR>[Address Reference Count : 1]<UL><LI> startup_tmpm4kna.o(RESET)
</UL>
<P><STRONG><a name="[69]"></a>INTT32A02BCAP1_IRQHandler</STRONG> (Thumb, 0 bytes, Stack size 0 bytes, startup_tmpm4kna.o(.text))
<BR>[Address Reference Count : 1]<UL><LI> startup_tmpm4kna.o(RESET)
</UL>
<P><STRONG><a name="[67]"></a>INTT32A02B_IRQHandler</STRONG> (Thumb, 0 bytes, Stack size 0 bytes, startup_tmpm4kna.o(.text))
<BR>[Address Reference Count : 1]<UL><LI> startup_tmpm4kna.o(RESET)
</UL>
<P><STRONG><a name="[6b]"></a>INTT32A03ACCAP0_IRQHandler</STRONG> (Thumb, 0 bytes, Stack size 0 bytes, startup_tmpm4kna.o(.text))
<BR>[Address Reference Count : 1]<UL><LI> startup_tmpm4kna.o(RESET)
</UL>
<P><STRONG><a name="[6c]"></a>INTT32A03ACCAP1_IRQHandler</STRONG> (Thumb, 0 bytes, Stack size 0 bytes, startup_tmpm4kna.o(.text))
<BR>[Address Reference Count : 1]<UL><LI> startup_tmpm4kna.o(RESET)
</UL>
<P><STRONG><a name="[6a]"></a>INTT32A03AC_IRQHandler</STRONG> (Thumb, 0 bytes, Stack size 0 bytes, startup_tmpm4kna.o(.text))
<BR>[Address Reference Count : 1]<UL><LI> startup_tmpm4kna.o(RESET)
</UL>
<P><STRONG><a name="[6e]"></a>INTT32A03BCAP0_IRQHandler</STRONG> (Thumb, 0 bytes, Stack size 0 bytes, startup_tmpm4kna.o(.text))
<BR>[Address Reference Count : 1]<UL><LI> startup_tmpm4kna.o(RESET)
</UL>
<P><STRONG><a name="[6f]"></a>INTT32A03BCAP1_IRQHandler</STRONG> (Thumb, 0 bytes, Stack size 0 bytes, startup_tmpm4kna.o(.text))
<BR>[Address Reference Count : 1]<UL><LI> startup_tmpm4kna.o(RESET)
</UL>
<P><STRONG><a name="[6d]"></a>INTT32A03B_IRQHandler</STRONG> (Thumb, 0 bytes, Stack size 0 bytes, startup_tmpm4kna.o(.text))
<BR>[Address Reference Count : 1]<UL><LI> startup_tmpm4kna.o(RESET)
</UL>
<P><STRONG><a name="[71]"></a>INTT32A04ACCAP0_IRQHandler</STRONG> (Thumb, 0 bytes, Stack size 0 bytes, startup_tmpm4kna.o(.text))
<BR>[Address Reference Count : 1]<UL><LI> startup_tmpm4kna.o(RESET)
</UL>
<P><STRONG><a name="[72]"></a>INTT32A04ACCAP1_IRQHandler</STRONG> (Thumb, 0 bytes, Stack size 0 bytes, startup_tmpm4kna.o(.text))
<BR>[Address Reference Count : 1]<UL><LI> startup_tmpm4kna.o(RESET)
</UL>
<P><STRONG><a name="[70]"></a>INTT32A04AC_IRQHandler</STRONG> (Thumb, 0 bytes, Stack size 0 bytes, startup_tmpm4kna.o(.text))
<BR>[Address Reference Count : 1]<UL><LI> startup_tmpm4kna.o(RESET)
</UL>
<P><STRONG><a name="[74]"></a>INTT32A04BCAP0_IRQHandler</STRONG> (Thumb, 0 bytes, Stack size 0 bytes, startup_tmpm4kna.o(.text))
<BR>[Address Reference Count : 1]<UL><LI> startup_tmpm4kna.o(RESET)
</UL>
<P><STRONG><a name="[75]"></a>INTT32A04BCAP1_IRQHandler</STRONG> (Thumb, 0 bytes, Stack size 0 bytes, startup_tmpm4kna.o(.text))
<BR>[Address Reference Count : 1]<UL><LI> startup_tmpm4kna.o(RESET)
</UL>
<P><STRONG><a name="[73]"></a>INTT32A04B_IRQHandler</STRONG> (Thumb, 0 bytes, Stack size 0 bytes, startup_tmpm4kna.o(.text))
<BR>[Address Reference Count : 1]<UL><LI> startup_tmpm4kna.o(RESET)
</UL>
<P><STRONG><a name="[77]"></a>INTT32A05ACCAP0_IRQHandler</STRONG> (Thumb, 0 bytes, Stack size 0 bytes, startup_tmpm4kna.o(.text))
<BR>[Address Reference Count : 1]<UL><LI> startup_tmpm4kna.o(RESET)
</UL>
<P><STRONG><a name="[78]"></a>INTT32A05ACCAP1_IRQHandler</STRONG> (Thumb, 0 bytes, Stack size 0 bytes, startup_tmpm4kna.o(.text))
<BR>[Address Reference Count : 1]<UL><LI> startup_tmpm4kna.o(RESET)
</UL>
<P><STRONG><a name="[76]"></a>INTT32A05AC_IRQHandler</STRONG> (Thumb, 0 bytes, Stack size 0 bytes, startup_tmpm4kna.o(.text))
<BR>[Address Reference Count : 1]<UL><LI> startup_tmpm4kna.o(RESET)
</UL>
<P><STRONG><a name="[7a]"></a>INTT32A05BCAP0_IRQHandler</STRONG> (Thumb, 0 bytes, Stack size 0 bytes, startup_tmpm4kna.o(.text))
<BR>[Address Reference Count : 1]<UL><LI> startup_tmpm4kna.o(RESET)
</UL>
<P><STRONG><a name="[7b]"></a>INTT32A05BCAP1_IRQHandler</STRONG> (Thumb, 0 bytes, Stack size 0 bytes, startup_tmpm4kna.o(.text))
<BR>[Address Reference Count : 1]<UL><LI> startup_tmpm4kna.o(RESET)
</UL>
<P><STRONG><a name="[79]"></a>INTT32A05B_IRQHandler</STRONG> (Thumb, 0 bytes, Stack size 0 bytes, startup_tmpm4kna.o(.text))
<BR>[Address Reference Count : 1]<UL><LI> startup_tmpm4kna.o(RESET)
</UL>
<P><STRONG><a name="[1e]"></a>INTVCN0_IRQHandler</STRONG> (Thumb, 0 bytes, Stack size 0 bytes, startup_tmpm4kna.o(.text))
<BR>[Address Reference Count : 1]<UL><LI> startup_tmpm4kna.o(RESET)
</UL>
<P><STRONG><a name="[1f]"></a>INTVCT0_IRQHandler</STRONG> (Thumb, 0 bytes, Stack size 0 bytes, startup_tmpm4kna.o(.text))
<BR>[Address Reference Count : 1]<UL><LI> startup_tmpm4kna.o(RESET)
</UL>
<P><STRONG><a name="[95]"></a>__user_initial_stackheap</STRONG> (Thumb, 0 bytes, Stack size unknown bytes, startup_tmpm4kna.o(.text))
<BR><BR>[Called By]<UL><LI><a href="#[8a]">&gt;&gt;</a>&nbsp;&nbsp;&nbsp;__user_setup_stackheap
</UL>

<P><STRONG><a name="[c0]"></a>__use_two_region_memory</STRONG> (Thumb, 2 bytes, Stack size 0 bytes, heapauxi.o(.text), UNUSED)

<P><STRONG><a name="[c1]"></a>__rt_heap_escrow$2region</STRONG> (Thumb, 2 bytes, Stack size 0 bytes, heapauxi.o(.text), UNUSED)

<P><STRONG><a name="[c2]"></a>__rt_heap_expand$2region</STRONG> (Thumb, 2 bytes, Stack size 0 bytes, heapauxi.o(.text), UNUSED)

<P><STRONG><a name="[8a]"></a>__user_setup_stackheap</STRONG> (Thumb, 74 bytes, Stack size 8 bytes, sys_stackheap_outer.o(.text))
<BR><BR>[Stack]<UL><LI>Max Depth = 8 + Unknown Stack Size
<LI>Call Chain = __user_setup_stackheap
</UL>
<BR>[Calls]<UL><LI><a href="#[94]">&gt;&gt;</a>&nbsp;&nbsp;&nbsp;__user_perproc_libspace
<LI><a href="#[95]">&gt;&gt;</a>&nbsp;&nbsp;&nbsp;__user_initial_stackheap
</UL>
<BR>[Called By]<UL><LI><a href="#[89]">&gt;&gt;</a>&nbsp;&nbsp;&nbsp;__rt_entry_sh
</UL>

<P><STRONG><a name="[8f]"></a>exit</STRONG> (Thumb, 18 bytes, Stack size 8 bytes, exit.o(.text))
<BR><BR>[Stack]<UL><LI>Max Depth = 8 + Unknown Stack Size
<LI>Call Chain = exit
</UL>
<BR>[Calls]<UL><LI><a href="#[96]">&gt;&gt;</a>&nbsp;&nbsp;&nbsp;__rt_exit
</UL>
<BR>[Called By]<UL><LI><a href="#[8d]">&gt;&gt;</a>&nbsp;&nbsp;&nbsp;__rt_entry_main
</UL>

<P><STRONG><a name="[c3]"></a>__user_libspace</STRONG> (Thumb, 8 bytes, Stack size 0 bytes, libspace.o(.text), UNUSED)

<P><STRONG><a name="[94]"></a>__user_perproc_libspace</STRONG> (Thumb, 0 bytes, Stack size 0 bytes, libspace.o(.text))
<BR><BR>[Called By]<UL><LI><a href="#[8a]">&gt;&gt;</a>&nbsp;&nbsp;&nbsp;__user_setup_stackheap
</UL>

<P><STRONG><a name="[c4]"></a>__user_perthread_libspace</STRONG> (Thumb, 0 bytes, Stack size 0 bytes, libspace.o(.text), UNUSED)

<P><STRONG><a name="[93]"></a>_sys_exit</STRONG> (Thumb, 8 bytes, Stack size 0 bytes, sys_exit.o(.text))
<BR><BR>[Called By]<UL><LI><a href="#[92]">&gt;&gt;</a>&nbsp;&nbsp;&nbsp;__rt_exit_exit
</UL>

<P><STRONG><a name="[c5]"></a>__I$use$semihosting</STRONG> (Thumb, 0 bytes, Stack size 0 bytes, use_no_semi.o(.text), UNUSED)

<P><STRONG><a name="[c6]"></a>__use_no_semihosting_swi</STRONG> (Thumb, 2 bytes, Stack size 0 bytes, use_no_semi.o(.text), UNUSED)

<P><STRONG><a name="[c7]"></a>__semihosting_library_function</STRONG> (Thumb, 0 bytes, Stack size unknown bytes, indicate_semi.o(.text), UNUSED)

<P><STRONG><a name="[9b]"></a>ENC32A_Init</STRONG> (Thumb, 220 bytes, Stack size 16 bytes, encoder32a.o(.text.ENC32A_Init))
<BR><BR>[Stack]<UL><LI>Max Depth = 16<LI>Call Chain = ENC32A_Init
</UL>
<BR>[Called By]<UL><LI><a href="#[8e]">&gt;&gt;</a>&nbsp;&nbsp;&nbsp;main
</UL>

<P><STRONG><a name="[9a]"></a>GPIO_Init</STRONG> (Thumb, 1072 bytes, Stack size 0 bytes, gpio.o(.text.GPIO_Init))
<BR><BR>[Called By]<UL><LI><a href="#[8e]">&gt;&gt;</a>&nbsp;&nbsp;&nbsp;main
</UL>

<P><STRONG><a name="[82]"></a>SystemInit</STRONG> (Thumb, 276 bytes, Stack size 0 bytes, system_tmpm4kya.o(.text.SystemInit))
<BR><BR>[Called By]<UL><LI><a href="#[8e]">&gt;&gt;</a>&nbsp;&nbsp;&nbsp;main
</UL>
<BR>[Address Reference Count : 1]<UL><LI> startup_tmpm4kna.o(.text)
</UL>
<P><STRONG><a name="[98]"></a>T32A0_Init</STRONG> (Thumb, 182 bytes, Stack size 0 bytes, timer32a.o(.text.T32A0_Init))
<BR><BR>[Called By]<UL><LI><a href="#[97]">&gt;&gt;</a>&nbsp;&nbsp;&nbsp;T32A_Init
</UL>

<P><STRONG><a name="[99]"></a>T32A3_Init</STRONG> (Thumb, 182 bytes, Stack size 0 bytes, timer32a.o(.text.T32A3_Init))
<BR><BR>[Called By]<UL><LI><a href="#[97]">&gt;&gt;</a>&nbsp;&nbsp;&nbsp;T32A_Init
</UL>

<P><STRONG><a name="[97]"></a>T32A_Init</STRONG> (Thumb, 22 bytes, Stack size 8 bytes, timer32a.o(.text.T32A_Init))
<BR><BR>[Stack]<UL><LI>Max Depth = 8<LI>Call Chain = T32A_Init
</UL>
<BR>[Calls]<UL><LI><a href="#[99]">&gt;&gt;</a>&nbsp;&nbsp;&nbsp;T32A3_Init
<LI><a href="#[98]">&gt;&gt;</a>&nbsp;&nbsp;&nbsp;T32A0_Init
</UL>
<BR>[Called By]<UL><LI><a href="#[8e]">&gt;&gt;</a>&nbsp;&nbsp;&nbsp;main
</UL>

<P><STRONG><a name="[8e]"></a>main</STRONG> (Thumb, 18 bytes, Stack size 0 bytes, main.o(.text.main))
<BR><BR>[Stack]<UL><LI>Max Depth = 16<LI>Call Chain = main &rArr; ENC32A_Init
</UL>
<BR>[Calls]<UL><LI><a href="#[9b]">&gt;&gt;</a>&nbsp;&nbsp;&nbsp;ENC32A_Init
<LI><a href="#[97]">&gt;&gt;</a>&nbsp;&nbsp;&nbsp;T32A_Init
<LI><a href="#[9a]">&gt;&gt;</a>&nbsp;&nbsp;&nbsp;GPIO_Init
<LI><a href="#[82]">&gt;&gt;</a>&nbsp;&nbsp;&nbsp;SystemInit
</UL>
<BR>[Called By]<UL><LI><a href="#[8d]">&gt;&gt;</a>&nbsp;&nbsp;&nbsp;__rt_entry_main
</UL>

<P><STRONG><a name="[88]"></a>_fp_init</STRONG> (Thumb, 26 bytes, Stack size 0 bytes, fpinit.o(x$fpl$fpinit))
<BR><BR>[Called By]<UL><LI><a href="#[87]">&gt;&gt;</a>&nbsp;&nbsp;&nbsp;__rt_lib_init_fp_1
</UL>

<P><STRONG><a name="[c8]"></a>__fplib_config_fpu_vfp</STRONG> (Thumb, 0 bytes, Stack size unknown bytes, fpinit.o(x$fpl$fpinit), UNUSED)

<P><STRONG><a name="[c9]"></a>__fplib_config_pureend_doubles</STRONG> (Thumb, 0 bytes, Stack size unknown bytes, fpinit.o(x$fpl$fpinit), UNUSED)
<P>
<H3>
Local Symbols
</H3><P>
<H3>
Undefined Global Symbols
</H3><HR></body></html>
